──────────────────────────────────────────────────────────────────────────
INFOMED Fetch Details by MED_ID — parallel HTTP-only
──────────────────────────────────────────────────────────────────────────
  filter:       ervp
  parallel:     3
  rateLimitMs:  300
  resume:       false
  limit:        (no limit)
  dryRun:       false

[1] Listagem carregada: 9656 rows
[2] Cross-match com ERP (Outros Medicamentos)...
(node:12380) Warning: SECURITY WARNING: The SSL modes 'prefer', 'require', and 'verify-ca' are treated as aliases for 'verify-full'.
In the next major version (pg-connection-string v3.0.0 and pg v9.0.0), these modes will adopt standard libpq semantics, which have weaker security guarantees.

To prepare for this change:
- If you want the current behavior, explicitly use 'sslmode=verify-full'
- If you want libpq compatibility now, use 'uselibpqcompat=true&sslmode=require'

See https://www.postgresql.org/docs/current/libpq-ssl.html for libpq SSL mode definitions.
(Use `node --trace-warnings ...` to show where the warning was created)
    ERP keys distintas: 2141
    Cross-match listagem: 5242 de 9656 (54.3%)

[3] Lançar 3 workers para 5242 MED_IDs...
  [w1 #1] medId=1401 "Campral" ATC=N07BB03 CNPs=3   (452ms)
  [w3 #2] medId=703384 "Acarbose Berar MG" ATC=A10BF01 CNPs=4   (489ms)
  [w2 #3] medId=703385 "Acarbose Berar MG" ATC=A10BF01 CNPs=4   (522ms)
  [w1 #4] medId=44725 "Acarbose Bluepharma MG" ATC=A10BF01 CNPs=1   (434ms)
  [w2 #5] medId=45428 "Acarbose Farmoz MG" ATC=A10BF01 CNPs=4   (445ms)
  [w3 #6] medId=44724 "Acarbose Bluepharma MG" ATC=A10BF01 CNPs=2   (517ms)
  [w1 #7] medId=45427 "Acarbose Farmoz MG" ATC=A10BF01 CNPs=4   (409ms)
  [w2 #8] medId=45790 "Acarbose Generis MG" ATC=A10BF01 CNPs=1   (348ms)
  [w3 #9] medId=45789 "Acarbose Generis MG" ATC=A10BF01 CNPs=2   (452ms)
  [w1 #10] medId=44267 "Acarbose Mylan MG" ATC=A10BF01 CNPs=3   (527ms)
  [w2 #25] medId=646786 "Acetato de Eslicarbazepina Alt" ATC=N03AF04 CNPs=2   (473ms)
  [w2 #50] medId=3552 "Fluimucil" ATC=R05CB01 CNPs=1   (336ms)
  [w2 #75] medId=677304 "Aciclovir toLife MG" ATC=J05AB01 CNPs=1   (1097ms)
  [w2 #100] medId=585222 "Trinomia" ATC=C10BX06 CNPs=3   (657ms)
  [w3 #125] medId=600507 "Ácido alendrónico + Colecalcif" ATC=M05BB03 CNPs=2   (396ms)
  [w1 #150] medId=614962 "Ellyfol" ATC=B03BB01 CNPs=7   (512ms)
  [w3 #175] medId=583501 "Ácido micofenólico Accord MG" ATC=L04AA06 CNPs=1   (1023ms)
  [w1 #200] medId=37545 "Depakine Chronosphere" ATC=N03AG01 CNPs=4   (654ms)
  [w1 #225] medId=46330 "Strepsils Laranja com Vitamina" ATC=R02AA03 CNPs=4   (482ms)
  [w1 #250] medId=585441 "Gaviscon Morango" ATC=A02BX CNPs=2   (374ms)
  [w2 #275] medId=6672 "Parkadina" ATC=N04BB01 CNPs=2   (857ms)
  [w3 #300] medId=54298 "Trinalion" ATC=C10BX03 CNPs=10   (505ms)
  [w3 #325] medId=55172 "Amorolfina Linospro MG" ATC=D01AE16 CNPs=6   (480ms)
  [w3 #350] medId=641323 "Amoxicilina + Ácido Clavulânic" ATC=J01CR02 CNPs=1   (447ms)
  [w3 #375] medId=712 "Augmentin Duo, comprimidos 875" ATC=J01CR02 CNPs=2   (1078ms)
  [w1 #400] medId=52171 "Eliquis" ATC=B01AF02 CNPs=4   (448ms)
  [w3 #425] medId=586461 "Aripiprazol Aurovitas MG" ATC=N05AX12 CNPs=4   (449ms)
  [w2 #450] medId=585962 "Aripiprazol Tolife MG" ATC=N05AX12 CNPs=2   (465ms)
  [w1 #475] medId=662 "Atenolol Ratiopharm 100 mg Com" ATC=C07AB03 CNPs=4   (478ms)
  [w3 #500] medId=578981 "Atozet" ATC=C10BA05 CNPs=2   (525ms)
  [w1 #525] medId=51337 "Azafalk" ATC=L04AX01 CNPs=1   (370ms)
  [w2 #550] medId=34630 "Azitromicina Ciclum 500 mg Com" ATC=J01FA10 CNPs=2   (585ms)
  [w1 #575] medId=767 "Bacitracina Zimaia" ATC=D06AX05 CNPs=2   (546ms)
  [w3 #600] medId=49246 "Beta-histina Aurobindo MG" ATC=N07CA01 CNPs=2   (727ms)
  [w3 #625] medId=2696 "Diprosalic" ATC=D07XC01 CNPs=1   (465ms)
  [w3 #650] medId=46390 "Bicalutamida Sandoz MG" ATC=L02BB03 CNPs=3   (390ms)
  [w3 #675] medId=631833 "Daflon 1000" ATC=C05CA53 CNPs=3   (483ms)
  [w3 #700] medId=591544 "Cosyrel" ATC=C09BX02 CNPs=2   (671ms)
  [w3 #725] medId=2542 "Dicetel" ATC=A03AX04 CNPs=2   (931ms)
  [w1 #750] medId=50460 "Budenofalk OD" ATC=A07EA06 CNPs=2   (396ms)
  [w3 #775] medId=682864 "Riltrava Aerosphere" ATC=R03AL11 CNPs=1   (898ms)
  [w2 #800] medId=41510 "Elontril" ATC=N06AX CNPs=3   (609ms)
  [w2 #825] medId=32935 "Silkis" ATC=D05AX03 CNPs=4   (452ms)
  [w3 #850] medId=55468 "Candesartan Farmoz MG" ATC=C09CA06 CNPs=3   (426ms)
  [w1 #875] medId=53391 "Candesartan toLife MG" ATC=C09CA06 CNPs=1   (491ms)
  [w3 #900] medId=52763 "Candesartan + Hidroclorotiazid" ATC=C09DA06 CNPs=3   (462ms)
  [w3 #925] medId=29749 "Carbamazepina Labesfal 400 mg " ATC=N03AF01 CNPs=4   (451ms)
  [w1 #950] medId=4821 "Kompensan" ATC=A02AB04 CNPs=2   (441ms)
  [w2 #975] medId=55323 "Ceftriaxona Kabi MG" ATC=J01DD04 CNPs=2   (544ms)
  [w3 #1000] medId=54592 "Celecoxib Pentafarma MG" ATC=M01AH01 CNPs=5   (419ms)
  [w2 #1025] medId=689024 "Lidinafree" ATC=S01GX08 CNPs=1   (329ms)
  [w2 #1050] medId=47626 "Cilazapril + Hidroclorotiazida" ATC=C09BA08 CNPs=6   (792ms)
  [w3 #1075] medId=33936 "Ciprofloxacina Generis MG" ATC=J01MA02 CNPs=3   (543ms)
  [w1 #1100] medId=589659 "Citalopram Aurovitas MG" ATC=N06AB04 CNPs=2   (420ms)
  [w3 #1125] medId=35360 "Claritromicina Basi MG" ATC=J01FA09 CNPs=4   (518ms)
  [w2 #1150] medId=2452 "Dermovate" ATC=D07AD01 CNPs=1   (345ms)
  [w2 #1175] medId=47544 "Clopidogrel Farmoz MG" ATC=B01AC04 CNPs=5   (455ms)
  [w2 #1200] medId=1878 "Cloreto de Potássio 7,45% Brau" ATC=B05XA01 CNPs=4   (351ms)
  [w1 #1225] medId=52018 "Griponal" ATC=N02BE51 CNPs=2   (312ms)
  [w3 #1250] medId=3915 "Gino-Canesten" ATC=G01AF02 CNPs=1   (658ms)
  [w3 #1275] medId=30639 "Maltofer" ATC=B03AB05 CNPs=3   (696ms)
  [w2 #1300] medId=689924 "Dabigatrano etexilato Teva MG" ATC=B01AE07 CNPs=2   (422ms)
  [w2 #1325] medId=48255 "Deflazacorte GP MG" ATC=H02AB13 CNPs=2   (392ms)
  [w2 #1350] medId=47594 "Desmopressina Teva MG" ATC=H01BA02 CNPs=2   (660ms)
  [w2 #1375] medId=2485 "Dexaval Capilar" ATC=D07AB19 CNPs=1   (319ms)
  [w1 #1400] medId=31323 "Bisoltussin Tosse Seca" ATC=R05DA09 CNPs=1   (374ms)
  [w1 #1425] medId=9291 "Voltaren" ATC=M01AB05 CNPs=2   (512ms)
  [w2 #1450] medId=45896 "Qlaira" ATC=G03AB08 CNPs=2   (447ms)
  [w1 #1475] medId=3354 "Fenistil Gel" ATC=D04AA13 CNPs=2   (393ms)
  [w2 #1500] medId=51075 "Donepezilo Ciclum MG" ATC=N06DA02 CNPs=3   (512ms)
  [w3 #1525] medId=54977 "Donepezilo Teva MG" ATC=N06DA02 CNPs=2   (432ms)
  [w1 #1550] medId=50905 "Aranka MG" ATC=G03AA12 CNPs=2   (485ms)
  [w2 #1575] medId=600862 "Duloxetina Pharmakern MG" ATC=N06AX21 CNPs=2   (438ms)
  [w1 #1600] medId=634943 "Dutasterida + Tansulosina Farm" ATC=G04CA52 CNPs=2   (446ms)
  [w3 #1625] medId=30223 "Pevaryl" ATC=D01AC03 CNPs=1   (771ms)
  [w2 #1650] medId=12699 "Lovenox" ATC=B01AB05 CNPs=4   (436ms)
  [w2 #1675] medId=44201 "Cipralex" ATC=N06AB10 CNPs=1   (436ms)
  [w2 #1700] medId=36669 "Estrofem" ATC=G03CA03 CNPs=2   (630ms)
  [w2 #1725] medId=29283 "Microgeste" ATC=G03AA10 CNPs=2   (720ms)
  [w1 #1750] medId=605123 "Etoricoxib Aurovitas MG" ATC=M01AH05 CNPs=1   (403ms)
  [w1 #1775] medId=590074 "Etoricoxib ratiopharm MG" ATC=M01AH05 CNPs=2   (2030ms)
  [w1 #1800] medId=55447 "Ezetimiba Sandoz MG" ATC=C10AX09 CNPs=4   (574ms)
  [w3 #1825] medId=39466 "Fenofibrato Zentiva MG" ATC=C10AB05 CNPs=3   (1097ms)
  [w2 #1850] medId=42598 "Fentanilo Sandoz MG" ATC=N02AB03 CNPs=2   (1039ms)
  [w1 #1875] medId=8351 "Telfast 180" ATC=R06AX26 CNPs=2   (1118ms)
  [w2 #1900] medId=2582 "Diflucan 150" ATC=J02AC01 CNPs=3   (1075ms)
  [w1 #1925] medId=660987 "Fluconazol ratiopharm MG" ATC=J02AC01 CNPs=2   (430ms)
  [w1 #1950] medId=31887 "Strepfen Mel e limão" ATC=R02AX01 CNPs=4   (418ms)
  [w2 #1975] medId=32347 "Maizar Diskus" ATC=R03AK06 CNPs=1   (302ms)
  [w2 #2000] medId=37043 "Fluvoxamina Generis MG" ATC=N06AB08 CNPs=4   (1182ms)
  [w3 #2025] medId=595704 "Fosfomicina Pharmakern MG" ATC=J01XX01 CNPs=2   (888ms)
  [w1 #2050] medId=42196 "Gabapentina Farmoz MG" ATC=N02BF01 CNPs=4   (1191ms)
  [w3 #2075] medId=47470 "Gabapentina Ratiopharm MG" ATC=N02BF01 CNPs=3   (852ms)
  [w2 #2100] medId=648004 "Galantamina Generis MG" ATC=N06DA04 CNPs=1   (411ms)
  [w3 #2125] medId=40784 "Glibenclamida Generis 2,5 mg C" ATC=A10BB01 CNPs=2   (445ms)
  [w3 #2150] medId=47832 "Dolenio" ATC=M01AX05 CNPs=4   (902ms)
  [w3 #2175] medId=6619 "Pandermil" ATC=D07AA02 CNPs=1   (1226ms)
  [w1 #2200] medId=629482 "Brufen Sem Açúcar" ATC=M01AE01 CNPs=2   (475ms)
  [w1 #2225] medId=33787 "Spidifen EF" ATC=M01AE01 CNPs=3   (411ms)
  [w3 #2250] medId=41151 "Indapamida Alter 1,5 mg Compri" ATC=C03BA11 CNPs=5   (395ms)
  [w3 #2275] medId=30583 "NovoMix 30 Penfill" ATC=A10AD05 CNPs=2   (447ms)
  [w2 #2300] medId=4327 "Humalog" ATC=A10AB04 CNPs=2   (559ms)
  [w3 #2325] medId=45139 "Irbesartan Ciclum MG" ATC=C09CA04 CNPs=4   (403ms)
  [w3 #2350] medId=48648 "Irbesartan Tetrafarma MG" ATC=C09CA04 CNPs=6   (456ms)
  [w3 #2375] medId=54759 "Irbesartan + Hidroclorotiazida" ATC=C09DA04 CNPs=2   (736ms)
  [w1 #2400] medId=672844 "Isotiorga MG" ATC=D10BA01 CNPs=4   (464ms)
  [w1 #2425] medId=608262 "Ivabradina toLife MG" ATC=C01EB17 CNPs=2   (461ms)
  [w1 #2450] medId=611764 "Lacosamida ratiopharm MG" ATC=N03AX18 CNPs=4   (1813ms)
  [w1 #2475] medId=4877 "Lamictal" ATC=N03AX09 CNPs=6   (421ms)
  [w2 #2500] medId=35658 "Lansoprazol Farmoz MG" ATC=A02BC03 CNPs=6   (540ms)
  [w3 #2525] medId=33637 "Ogasto" ATC=A02BC03 CNPs=3   (540ms)
  [w1 #2550] medId=51745 "Lercanidipina Alter MG" ATC=C08CA13 CNPs=6   (475ms)
  [w3 #2575] medId=3326 "Femara" ATC=L02BG04 CNPs=3   (387ms)
  [w2 #2600] medId=637202 "Levetiracetam Altan MG" ATC=N03AX14 CNPs=1   (417ms)
  [w3 #2625] medId=52298 "Levetiracetam Farmoz MG" ATC=N03AX14 CNPs=1   (518ms)
  [w1 #2650] medId=56324 "Levetiracetam UCB MG" ATC=N03AX14 CNPs=1   (294ms)
  [w1 #2675] medId=5277 "Madopar" ATC=N04BA02 CNPs=2   (325ms)
  [w1 #2700] medId=34830 "Stalevo" ATC=N04BA03 CNPs=4   (395ms)
  [w2 #2725] medId=39745 "Levofloxacina toLife MG" ATC=J01MA12 CNPs=3   (423ms)
  [w3 #2750] medId=5037 "Lidonostrum" ATC=N01BB02 CNPs=1   (377ms)
  [w1 #2775] medId=35843 "Lisinopril Generis 20 mg Compr" ATC=C09AA03 CNPs=3   (901ms)
  [w3 #2800] medId=36309 "Lisinopril + Hidroclorotiazida" ATC=C09BA03 CNPs=8   (594ms)
  [w3 #2825] medId=39991 "Cozaar Plus" ATC=C09DA01 CNPs=3   (429ms)
  [w1 #2850] medId=38300 "Meloxicam GP 15 mg Comprimidos" ATC=M01AC06 CNPs=4   (416ms)
  [w1 #2875] medId=56412 "Memantina Aurobindo MG" ATC=N06DX01 CNPs=3   (427ms)
  [w1 #2900] medId=56436 "Memantina Tecnigen MG" ATC=N06DX01 CNPs=1   (399ms)
  [w1 #2925] medId=47254 "Salofalk" ATC=A07EC02 CNPs=2   (312ms)
  [w1 #2950] medId=44913 "Janumet" ATC=A10BD07 CNPs=3   (357ms)
  [w3 #2975] medId=622225 "Metilfenidato Ciclum MG" ATC=N06BA04 CNPs=1   (817ms)
  [w3 #3000] medId=32229 "Ritalina LA" ATC=N06BA04 CNPs=2   (400ms)
  [w2 #3025] medId=56023 "Metex PEN" ATC=L04AX03 CNPs=11   (794ms)
  [w1 #3050] medId=7623 "Rodermil" ATC=D06BX01 CNPs=1   (372ms)
  [w3 #3075] medId=56979 "Betmiga" ATC=G04BD12 CNPs=1   (354ms)
  [w1 #3100] medId=37256 "Mirtazapina Krka MG" ATC=N06AX11 CNPs=12   (558ms)
  [w3 #3125] medId=2291 "Cytotec" ATC=A02BB01 CNPs=2   (417ms)
  [w2 #3150] medId=50544 "Monopront Retard" ATC=C01DA14 CNPs=1   (394ms)
  [w3 #3175] medId=48477 "Montelucaste Sandoz MG" ATC=R03DC03 CNPs=3   (388ms)
  [w1 #3200] medId=19258 "Avelox" ATC=J01MA14 CNPs=9   (522ms)
  [w3 #3225] medId=50161 "Vimovo" ATC=M01AE CNPs=6   (750ms)
  [w1 #3250] medId=34584 "Nicotinell Mint" ATC=N07BA01 CNPs=8   (462ms)
  [w1 #3275] medId=30110 "Epinitril 5" ATC=C01DA02 CNPs=2   (324ms)
  [w2 #3300] medId=52532 "Olanzapina Aurobindo MG" ATC=N05AH03 CNPs=4   (500ms)
  [w1 #3325] medId=45958 "Olanzapina Generis MG" ATC=N05AH03 CNPs=2   (442ms)
  [w3 #3350] medId=43810 "Olanzapina toLife MG" ATC=N05AH03 CNPs=3   (500ms)
  [w1 #3375] medId=591281 "Olmesartan medoxomilo Alter MG" ATC=C09CA08 CNPs=3   (427ms)
  [w2 #3400] medId=695146 "Olmesartan medoxomilo Pentafar" ATC=C09CA08 CNPs=3   (434ms)
  [w2 #3425] medId=594562 "Olmesartan medoxomilo + Hidroc" ATC=C09DA08 CNPs=3   (513ms)
  [w3 #3450] medId=597885 "Olmesartan medoxomilo + Hidroc" ATC=C09DA08 CNPs=2   (430ms)
  [w3 #3475] medId=41691 "Olsar Plus" ATC=C09DA08 CNPs=4   (434ms)
  [w2 #3500] medId=31993 "Tamiflu" ATC=J05AH02 CNPs=1   (377ms)
  [w2 #3525] medId=42090 "Invega" ATC=N05AX13 CNPs=2   (877ms)
  [w2 #3550] medId=621204 "Paliperidona Sandoz MG" ATC=N05AX13 CNPs=1   (414ms)
  [w3 #3575] medId=887 "Ben-U-Ron" ATC=N02BE01 CNPs=1   (321ms)
  [w1 #3600] medId=12852 "Dol-U-Ron Forte" ATC=N02AJ06 CNPs=2   (414ms)
  [w2 #3625] medId=49421 "Paroxetina Sandoz MG" ATC=N06AB05 CNPs=4   (441ms)
  [w1 #3650] medId=41472 "Preterax" ATC=C09BA04 CNPs=1   (438ms)
  [w3 #3675] medId=6466 "Orap Forte" ATC=N05AG02 CNPs=2   (357ms)
  [w2 #3700] medId=7512 "Reumoxican" ATC=M01AC01 CNPs=4   (425ms)
  [w1 #3725] medId=642283 "Pitavastatina Krka MG" ATC=C10AA08 CNPs=4   (549ms)
  [w1 #3750] medId=580300 "Oprymea MG" ATC=N04BC05 CNPs=3   (367ms)
  [w3 #3775] medId=619769 "Pravastatina Generis MG" ATC=C10AA03 CNPs=2   (412ms)
  [w2 #3800] medId=36776 "Pravastatina Zentiva MG" ATC=C10AA03 CNPs=2   (349ms)
  [w1 #3825] medId=597808 "Pregabalina Azevedos MG" ATC=N02BF02 CNPs=1   (418ms)
  [w3 #3850] medId=624243 "Pregabalina Generis MG" ATC=N02BF02 CNPs=1   (376ms)
  [w3 #3875] medId=587449 "Pregabalina ratiopharm MG" ATC=N02BF02 CNPs=2   (388ms)
  [w2 #3900] medId=598067 "Pregabalina Viatris MG" ATC=N02BF02 CNPs=1   (416ms)
  [w3 #3925] medId=4473 "Inderal" ATC=C07AA05 CNPs=4   (476ms)
  [w1 #3950] medId=599526 "Quetiapina Aurovitas MG" ATC=N05AH04 CNPs=1   (361ms)
  [w3 #3975] medId=48523 "Quetiapina Pentafarma MG" ATC=N05AH04 CNPs=6   (462ms)
  [w1 #4000] medId=45372 "Seroquel SR" ATC=N05AH04 CNPs=2   (390ms)
  [w3 #4025] medId=30916 "Triatec" ATC=C09AA05 CNPs=2   (357ms)
  [w3 #4050] medId=673404 "Ranolazina Zentiva MG" ATC=C01EB18 CNPs=1   (364ms)
  [w3 #4075] medId=598023 "Risedronato de Sódio Aurovitas" ATC=M05BA07 CNPs=1   (349ms)
  [w3 #4100] medId=38665 "Risperidona Genedec 1 mg Compr" ATC=N05AX08 CNPs=2   (363ms)
  [w3 #4125] medId=43841 "Risperidona Pharmakern" ATC=N05AX08 CNPs=2   (653ms)
  [w2 #4150] medId=38127 "Risperidona toLife 3 mg Compri" ATC=N05AX08 CNPs=1   (397ms)
  [w1 #4175] medId=682606 "Rivaroxabano Pentafarma MG" ATC=B01AF01 CNPs=3   (429ms)
  [w1 #4200] medId=696505 "Rivaroxabano toLife MG" ATC=B01AF01 CNPs=5   (638ms)
  [w1 #4225] medId=731284 "Exelon (DP Agon Pharma)" ATC=N06DA03 CNPs=1   (396ms)
  [w2 #4250] medId=50061 "Rivastigmina Sandoz" ATC=N06DA03 CNPs=1   (637ms)
  [w2 #4275] medId=49189 "Ropinirol Generis Phar MG" ATC=N04BC04 CNPs=4   (524ms)
  [w1 #4300] medId=593884 "Rosuvastatina Aurovitas MG" ATC=C10AA07 CNPs=1   (392ms)
  [w1 #4325] medId=587774 "Rosuvastatina Pharmakern MG" ATC=C10AA07 CNPs=2   (464ms)
  [w2 #4350] medId=607503 "Rosuvastatina toLife MG" ATC=C10AA07 CNPs=2   (667ms)
  [w3 #4375] medId=642147 "Rosumibe" ATC=C10BA06 CNPs=3   (419ms)
  [w2 #4400] medId=695346 "Rosuvastatina + Ezetimiba TAD" ATC=C10BA06 CNPs=1   (483ms)
  [w1 #4425] medId=682884 "Rosafen" ATC=C10BA09 CNPs=1   (341ms)
  [w1 #4450] medId=615923 "Rupatadina Generis MG" ATC=R06AX28 CNPs=1   (386ms)
  [w2 #4475] medId=714484 "Saxagliptina Generis MG" ATC=A10BH03 CNPs=1   (632ms)
  [w2 #4500] medId=7864 "Sertopic" ATC=D01AC14 CNPs=4   (357ms)
  [w2 #4525] medId=619287 "Sildenafil Generis MG" ATC=G04BE03 CNPs=2   (366ms)
  [w2 #4550] medId=53812 "Sildenafil toLife MG" ATC=G04BE03 CNPs=3   (341ms)
  [w1 #4575] medId=665405 "Itam MG" ATC=A10BH01 CNPs=3   (517ms)
  [w2 #4600] medId=682324 "Solifenacina + Tansulosina Tev" ATC=G04CA53 CNPs=1   (518ms)
  [w1 #4625] medId=42207 "Cialis" ATC=G04BE08 CNPs=1   (326ms)
  [w2 #4650] medId=593682 "Tadalafil Generis MG" ATC=G04BE08 CNPs=1   (366ms)
  [w1 #4675] medId=583309 "Tadalafil Teva MG" ATC=G04BE08 CNPs=7   (628ms)
  [w2 #4700] medId=52042 "Palexia retard" ATC=N02AX06 CNPs=3   (427ms)
  [w1 #4725] medId=685647 "Tapentadol Pharmakern retard M" ATC=N02AX06 CNPs=1   (392ms)
  [w3 #4750] medId=53056 "Telmisartan Mylan MG" ATC=C09CA07 CNPs=3   (434ms)
  [w2 #4775] medId=56206 "Telmisartan + Hidroclorotiazid" ATC=C09DA07 CNPs=9   (545ms)
  [w1 #4800] medId=39283 "Terbinafina Mylan MG" ATC=D01BA02 CNPs=2   (398ms)
  [w2 #4825] medId=52173 "Brilique" ATC=B01AC24 CNPs=3   (363ms)
  [w1 #4850] medId=35032 "Ticlopidina Ciclum 250 mg Comp" ATC=B01AC05 CNPs=4   (405ms)
  [w3 #4875] medId=4517 "Innohep" ATC=B01AB10 CNPs=3   (332ms)
  [w1 #4900] medId=8560 "Topamax" ATC=N03AX11 CNPs=3   (406ms)
  [w2 #4925] medId=44356 "Topiramato Tomix MG" ATC=N03AX11 CNPs=2   (426ms)
  [w2 #4950] medId=616082 "Tramadol Krka MG" ATC=N02AX02 CNPs=1   (410ms)
  [w3 #4975] medId=55189 "Tramadol + Paracetamol Bluepha" ATC=N02AJ13 CNPs=2   (375ms)
  [w1 #5000] medId=44743 "Trazodona Generis MG" ATC=N06AX05 CNPs=4   (660ms)
  [w1 #5025] medId=48612 "Decapeptyl LP" ATC=L02AE04 CNPs=1   (532ms)
  [w2 #5050] medId=52115 "Valaciclovir Aurobindo MG" ATC=J05AB11 CNPs=3   (533ms)
  [w1 #5075] medId=609723 "Vardenafil Ciclum MG" ATC=G04BE09 CNPs=1   (460ms)
  [w1 #5100] medId=41038 "Genexin" ATC=N06AX16 CNPs=4   (351ms)
  [w1 #5125] medId=44290 "Venlafaxina Mylan MG" ATC=N06AX16 CNPs=2   (529ms)
  [w1 #5150] medId=4691 "Isoptin Dc" ATC=C08DA01 CNPs=2   (411ms)
  [w1 #5175] medId=581321 "Brintellix" ATC=N06AX26 CNPs=2   (468ms)
  [w3 #5200] medId=53934 "Zolmitriptano Generis Phar MG" ATC=N02CC03 CNPs=4   (534ms)
  [w1 #5225] medId=9814 "Zoleptil" ATC=N05AX11 CNPs=20   (875ms)

──────────────────────────────────────────────────────────────────────────
RESUMO
──────────────────────────────────────────────────────────────────────────
  total processados:   5242
  com ATC:             5239
  com DCI:             5242
  com embalagens:      5242
  total CNPs:          15526
  falhas:              0
  elapsed:             1468.6s
  rate:                3.57/s
  output:              C:\projetos\spharm-mt\scripts\data\infomed-listagem-details.json
  mode:                LIVE
──────────────────────────────────────────────────────────────────────────
